
> council@0.1.0 build
> next build

  Ôû▓ Next.js 14.2.15
  - Environments: .env.local, .env.production

   Creating an optimized production build ...
node.exe : Failed to 
compile.
At C:\Program 
Files\nodejs\npm.ps1:29 
char:3
+   & $NODE_EXE 
$NPM_CLI_JS $args
+   ~~~~~~~~~~~~~~~~~~~~~~
~~~~~~~
    + CategoryInfo        
      : NotSpecified: (F  
  ailed to compile.:Str   
 ing) [], RemoteExcept    
ion
    + FullyQualifiedError 
   Id : NativeCommandErr  
  or
 

./src/lib/repo/github.ts
Module not found: Can't 
resolve '@octokit/rest'

https://nextjs.org/docs/me
ssages/module-not-found

Import trace for 
requested module:
./src/app/api/repo/ingest/
route.ts


> Build failed because of 
webpack errors
